[2024-07-16T10:06:46.016+0000] {taskinstance.py:1103} INFO - Dependencies all met for dep_context=non-requeueable deps ti=<TaskInstance: run_remote_jupyter_notebook.run_notebook manual__2024-07-16T10:01:40.372715+00:00 [queued]>
[2024-07-16T10:06:46.026+0000] {taskinstance.py:1103} INFO - Dependencies all met for dep_context=requeueable deps ti=<TaskInstance: run_remote_jupyter_notebook.run_notebook manual__2024-07-16T10:01:40.372715+00:00 [queued]>
[2024-07-16T10:06:46.027+0000] {taskinstance.py:1308} INFO - Starting attempt 2 of 2
[2024-07-16T10:06:46.047+0000] {taskinstance.py:1327} INFO - Executing <Task(PythonOperator): run_notebook> on 2024-07-16 10:01:40.372715+00:00
[2024-07-16T10:06:46.055+0000] {standard_task_runner.py:57} INFO - Started process 586 to run task
[2024-07-16T10:06:46.060+0000] {standard_task_runner.py:84} INFO - Running: ['***', 'tasks', 'run', 'run_remote_jupyter_notebook', 'run_notebook', 'manual__2024-07-16T10:01:40.372715+00:00', '--job-id', '1530', '--raw', '--subdir', 'DAGS_FOLDER/run_notebook.py', '--cfg-path', '/tmp/tmpvaa18ojo']
[2024-07-16T10:06:46.064+0000] {standard_task_runner.py:85} INFO - Job 1530: Subtask run_notebook
[2024-07-16T10:06:46.125+0000] {task_command.py:410} INFO - Running <TaskInstance: run_remote_jupyter_notebook.run_notebook manual__2024-07-16T10:01:40.372715+00:00 [running]> on host f22bfef870e9
[2024-07-16T10:06:46.260+0000] {taskinstance.py:1547} INFO - Exporting env vars: AIRFLOW_CTX_DAG_OWNER='***' AIRFLOW_CTX_DAG_ID='run_remote_jupyter_notebook' AIRFLOW_CTX_TASK_ID='run_notebook' AIRFLOW_CTX_EXECUTION_DATE='2024-07-16T10:01:40.372715+00:00' AIRFLOW_CTX_TRY_NUMBER='2' AIRFLOW_CTX_DAG_RUN_ID='manual__2024-07-16T10:01:40.372715+00:00'
[2024-07-16T10:06:46.278+0000] {logging_mixin.py:149} INFO - Error connecting to notebook: 403 Client Error: Forbidden for url: http://host.docker.internal:8888/api/contents/Notebooks/notebook.ipynb
[2024-07-16T10:06:46.279+0000] {taskinstance.py:1824} ERROR - Task failed with exception
Traceback (most recent call last):
  File "/opt/airflow/dags/run_notebook.py", line 19, in execute_remote_notebook
    response.raise_for_status()
  File "/home/airflow/.local/lib/python3.7/site-packages/requests/models.py", line 1021, in raise_for_status
    raise HTTPError(http_error_msg, response=self)
requests.exceptions.HTTPError: 403 Client Error: Forbidden for url: http://host.docker.internal:8888/api/contents/Notebooks/notebook.ipynb

During handling of the above exception, another exception occurred:

Traceback (most recent call last):
  File "/home/airflow/.local/lib/python3.7/site-packages/airflow/operators/python.py", line 181, in execute
    return_value = self.execute_callable()
  File "/home/airflow/.local/lib/python3.7/site-packages/airflow/operators/python.py", line 198, in execute_callable
    return self.python_callable(*self.op_args, **self.op_kwargs)
  File "/opt/airflow/dags/run_notebook.py", line 48, in execute_remote_notebook
    raise AirflowException(f"Failed to connect to Jupyter notebook: {str(e)}")
NameError: name 'AirflowException' is not defined
[2024-07-16T10:06:46.296+0000] {taskinstance.py:1350} INFO - Marking task as FAILED. dag_id=run_remote_jupyter_notebook, task_id=run_notebook, execution_date=20240716T100140, start_date=20240716T100646, end_date=20240716T100646
[2024-07-16T10:06:46.317+0000] {standard_task_runner.py:109} ERROR - Failed to execute job 1530 for task run_notebook (name 'AirflowException' is not defined; 586)
[2024-07-16T10:06:46.353+0000] {local_task_job_runner.py:225} INFO - Task exited with return code 1
[2024-07-16T10:06:46.398+0000] {taskinstance.py:2651} INFO - 0 downstream tasks scheduled from follow-on schedule check
